{
 "ext_class_counts": {
  "Protein kinase outside KinHub roster": 5,
  "Lipid kinase": 38,
  "Inositol phosphate kinase": 11,
  "Nucleotide, nucleoside or nucleic-acid kinase": 36,
  "Carbohydrate or central-metabolism kinase": 38,
  "Cofactor, amino-acid or other small-molecule kinase": 20,
  "Keyword-annotated entry without established kinase catalytic role": 8
 },
 "core_group_counts": {
  "Other": 81,
  "TK": 90,
  "Atypical": 44,
  "TKL": 43,
  "AGC": 63,
  "CAMK": 74,
  "CMGC": 63,
  "CK1": 12,
  "RGC": 5,
  "STE": 47
 },
 "ext_displayed_group_before": {
  "Atypical": 150,
  "AGC": 1,
  "CMGC": 2,
  "TK": 1,
  "CAMK": 2
 },
 "max_abs_dev_stored_vs_formula": {
  "cit": 0.004996901332923187,
  "ct": 0.0,
  "st": 0.004952380952389035,
  "cd": 97.72,
  "tot": 16.28666666666667
 },
 "maxpub": 33585,
 "maxpub_gene": "EGFR",
 "legacy_compound_max": 23,
 "legacy_compound_zero": 407,
 "legacy_compound_nonzero": 271,
 "current_ligand_genes": 566,
 "legacy_zero_but_current_ligands": 295,
 "examples_legacy_zero": [
  [
   "MTOR",
   9292
  ],
  [
   "CDK4",
   4410
  ],
  [
   "BCR",
   1183
  ],
  [
   "PIK3CA",
   11661
  ],
  [
   "JAK2",
   15839
  ],
  [
   "CDK6",
   2305
  ]
 ],
 "compound_max": 25763,
 "compound_max_gene": "PLK1",
 "pdis_rev_min": 0.0,
 "pdis_rev_max": 96.35666666666667,
 "pdis_rev_max_gene": "EGFR",
 "pdis_rev_max_components": {
  "cit": 100,
  "ct": 100,
  "st": 83.52,
  "cd": 94.62
 },
 "pdis_rev_n_zero": 5,
 "pdis_rev_median": 33.280833333333334,
 "pdis_rev_mean": 32.507694198623405,
 "top15_rev": [
  [
   "EGFR",
   96.36,
   {
    "cit": 100,
    "ct": 100,
    "st": 83.52,
    "cd": 94.62
   }
  ],
  [
   "MTOR",
   93.29,
   {
    "cit": 94.48,
    "ct": 100,
    "st": 80.84,
    "cd": 89.96
   }
  ],
  [
   "MET",
   92.03,
   {
    "cit": 87.36,
    "ct": 100,
    "st": 90.82,
    "cd": 86.64
   }
  ],
  [
   "KIT",
   91.88,
   {
    "cit": 88.79,
    "ct": 100,
    "st": 89.79,
    "cd": 83.92
   }
  ],
  [
   "BTK",
   91.08,
   {
    "cit": 78.79,
    "ct": 100,
    "st": 95.2,
    "cd": 93.68
   }
  ],
  [
   "ALK",
   90.54,
   {
    "cit": 85.99,
    "ct": 100,
    "st": 90.96,
    "cd": 80.3
   }
  ],
  [
   "BCR",
   90.0,
   {
    "cit": 89.59,
    "ct": 100,
    "st": 91.14,
    "cd": 69.67
   }
  ],
  [
   "BRAF",
   89.44,
   {
    "cit": 83.96,
    "ct": 100,
    "st": 81.1,
    "cd": 87.62
   }
  ],
  [
   "ERBB2",
   87.69,
   {
    "cit": 81.21,
    "ct": 100,
    "st": 81.85,
    "cd": 81.89
   }
  ],
  [
   "KDR",
   87.52,
   {
    "cit": 71.47,
    "ct": 100,
    "st": 87.99,
    "cd": 94.22
   }
  ],
  [
   "CDK4",
   85.2,
   {
    "cit": 82.68,
    "ct": 100,
    "st": 63.25,
    "cd": 82.62
   }
  ],
  [
   "ABL1",
   80.58,
   {
    "cit": 75.45,
    "ct": 79,
    "st": 91.32,
    "cd": 83.28
   }
  ],
  [
   "FLT1",
   80.41,
   {
    "cit": 71.41,
    "ct": 90,
    "st": 82.37,
    "cd": 77.27
   }
  ],
  [
   "JAK2",
   73.94,
   {
    "cit": 84.46,
    "ct": 44,
    "st": 91.5,
    "cd": 95.21
   }
  ],
  [
   "JAK1",
   72.61,
   {
    "cit": 76.59,
    "ct": 49,
    "st": 91.22,
    "cd": 93.25
   }
  ]
 ],
 "rho_old_vs_rev": 0.9406456314815453,
 "n_ge_50": 71,
 "n_lt_10": 57,
 "core_median": 36.189166666666665,
 "ext_median": 23.61,
 "rho_pdis_vs_component": {
  "cit": 0.8591627638957307,
  "ct": 0.6153036215872929,
  "st": 0.7156437807736453,
  "cd": 0.8125817117849503
 },
 "rho_pdis_vs_component_core": {
  "cit": 0.87446504258265,
  "ct": 0.6373425852739106,
  "st": 0.7088289875262757,
  "cd": 0.8078460693876897
 },
 "rho_components": {
  "cit-ct": 0.6151061113576424,
  "cit-st": 0.41144556354447487,
  "cit-cd": 0.6638209856186503,
  "ct-st": 0.2806435657352836,
  "ct-cd": 0.5185035636390649,
  "st-cd": 0.3827141961230157
 },
 "rho_pdis_vs_rawpub": 0.8591628903889921,
 "scenarios": {
  "Default (0.30/0.30/0.15/0.15)": {
   "rho": 1.0,
   "rho_core": 1.0,
   "top50": 50,
   "top20": 20,
   "median_abs_rank_shift": 0.0,
   "top5": [
    "EGFR",
    "MTOR",
    "MET",
    "KIT",
    "BTK"
   ]
  },
  "Equal (0.25 each)": {
   "rho": 0.9919380142001332,
   "rho_core": 0.9906788592459566,
   "top50": 45,
   "top20": 20,
   "median_abs_rank_shift": 11.5,
   "top5": [
    "EGFR",
    "BTK",
    "MTOR",
    "MET",
    "KIT"
   ]
  },
  "Tractability-weighted (0.15/0.15/0.35/0.35)": {
   "rho": 0.9714532639405652,
   "rho_core": 0.9663253909932068,
   "top50": 38,
   "top20": 17,
   "median_abs_rank_shift": 23.0,
   "top5": [
    "BTK",
    "EGFR",
    "MET",
    "KDR",
    "KIT"
   ]
  },
  "Clinical-weighted (0.20/0.50/0.15/0.15)": {
   "rho": 0.9969439317371404,
   "rho_core": 0.9963691901537526,
   "top50": 46,
   "top20": 19,
   "median_abs_rank_shift": 7.25,
   "top5": [
    "EGFR",
    "MTOR",
    "MET",
    "BTK",
    "KIT"
   ]
  },
  "Without citation": {
   "rho": 0.9545574757711505,
   "rho_core": 0.9449071318218202,
   "top50": 44,
   "top20": 19,
   "median_abs_rank_shift": 32.0,
   "top5": [
    "BTK",
    "KDR",
    "EGFR",
    "MET",
    "KIT"
   ]
  },
  "Without clinical trials": {
   "rho": 0.9954405154055339,
   "rho_core": 0.9958989295792804,
   "top50": 39,
   "top20": 14,
   "median_abs_rank_shift": 2.0,
   "top5": [
    "EGFR",
    "SRC",
    "MTOR",
    "JAK2",
    "MET"
   ]
  },
  "Without structure": {
   "rho": 0.9204062316906723,
   "rho_core": 0.9278251812785752,
   "top50": 47,
   "top20": 19,
   "median_abs_rank_shift": 41.25,
   "top5": [
    "EGFR",
    "MTOR",
    "KIT",
    "MET",
    "BRAF"
   ]
  },
  "Without compound diversity": {
   "rho": 0.9664127911539078,
   "rho_core": 0.9729113040447095,
   "top50": 47,
   "top20": 19,
   "median_abs_rank_shift": 29.0,
   "top5": [
    "EGFR",
    "BCR",
    "MTOR",
    "KIT",
    "MET"
   ]
  },
  "Citation only": {
   "rho": 0.8591627638957307,
   "rho_core": 0.87446504258265,
   "top50": 39,
   "top20": 13,
   "median_abs_rank_shift": 54.5,
   "top5": [
    "EGFR",
    "SRC",
    "MTOR",
    "BCR",
    "KIT"
   ]
  }
 },
 "dirichlet": {
  "N": 10000,
  "seed": 20260930,
  "rho_median": 0.9550663184970439,
  "rho_p5": 0.865742005385412,
  "rho_p95": 0.9937100067129949,
  "rho_min": 0.7564207859883033,
  "frac_rho_ge_0_9": 0.8659,
  "top50_median": 42.0,
  "top50_p5": 31.0
 },
 "rank_intervals_top20": [
  [
   "EGFR",
   1,
   1,
   7
  ],
  [
   "MTOR",
   2,
   2,
   12
  ],
  [
   "MET",
   3,
   2,
   7
  ],
  [
   "KIT",
   4,
   3,
   11
  ],
  [
   "BTK",
   5,
   1,
   9
  ],
  [
   "ALK",
   6,
   4,
   15
  ],
  [
   "BCR",
   7,
   2,
   34
  ],
  [
   "BRAF",
   8,
   6,
   18
  ],
  [
   "ERBB2",
   9,
   9,
   28
  ],
  [
   "KDR",
   10,
   2,
   18
  ],
  [
   "CDK4",
   11,
   9,
   141
  ],
  [
   "ABL1",
   12,
   9,
   20
  ],
  [
   "FLT1",
   13,
   12,
   51
  ],
  [
   "JAK2",
   14,
   4,
   17
  ],
  [
   "JAK1",
   15,
   8,
   17
  ],
  [
   "RET",
   16,
   15,
   28
  ],
  [
   "SRC",
   17,
   3,
   23
  ],
  [
   "FLT3",
   18,
   17,
   164
  ],
  [
   "PIK3CA",
   19,
   15,
   93
  ],
  [
   "AURKA",
   20,
   18,
   42
  ]
 ],
 "stay_top25": {
  "EGFR": 0.9935,
  "MTOR": 0.9837,
  "MET": 0.9991,
  "KIT": 0.9965,
  "BTK": 1.0,
  "ALK": 0.9866,
  "BCR": 0.9311,
  "BRAF": 0.9725,
  "ERBB2": 0.942,
  "KDR": 0.9828
 },
 "median_rank_interval_width": 141.5,
 "median_rank_interval_width_top50": 34.0,
 "tdl_counts": {
  "Tchem": 387,
  "Tbio": 200,
  "Tclin": 69,
  "Tdark": 20,
  "null": 2
 },
 "tdl_counts_core": {
  "Tchem": 346,
  "Tbio": 97,
  "Tclin": 65,
  "Tdark": 12,
  "null": 2
 },
 "tdl_median_pdis": {
  "Tdark": 5.438333333333333,
  "Tbio": 21.333333333333332,
  "Tchem": 36.83,
  "Tclin": 53.72333333333333
 },
 "tdl_n": {
  "Tdark": 20,
  "Tbio": 200,
  "Tchem": 387,
  "Tclin": 69
 },
 "tdl_kruskal_p": 1.715492019205998e-65,
 "tdl_results": {
  "PDIS (default)": {
   "rho_tdl": 0.6651850809179992,
   "auc_tclin": 0.9181051978129552,
   "auc_tclin_tchem": 0.8572368421052632
  },
  "Citation component": {
   "rho_tdl": 0.56238734677117,
   "auc_tclin": 0.8961392450397536,
   "auc_tclin_tchem": 0.7862689393939394
  },
  "Clinical-trial component": {
   "rho_tdl": 0.46680474249911874,
   "auc_tclin": 0.8947663729914285,
   "auc_tclin_tchem": 0.639902312599681
  },
  "Structure component": {
   "rho_tdl": 0.3075316655349132,
   "auc_tclin": 0.6996633478977151,
   "auc_tclin_tchem": 0.6530103668261563
  },
  "Compound component": {
   "rho_tdl": 0.7641111652575271,
   "auc_tclin": 0.8921996991619512,
   "auc_tclin_tchem": 0.9454545454545454
  },
  "PDIS (equal weights)": {
   "rho_tdl": 0.6687547616941334,
   "auc_tclin": 0.9145118544516868,
   "auc_tclin_tchem": 0.8613137958532695
  },
  "PDIS without citation": {
   "rho_tdl": 0.6567791001338305,
   "auc_tclin": 0.9058209774848984,
   "auc_tclin_tchem": 0.8559858452950558
  },
  "Legacy PDIS (submitted)": {
   "rho_tdl": 0.6339039993119324,
   "auc_tclin": 0.9190005491488193,
   "auc_tclin_tchem": 0.8328548644338118
  }
 },
 "tdl_results_core": {
  "PDIS (default)": {
   "rho_tdl": 0.6240957031470601,
   "auc_tclin": 0.9028233305156382,
   "auc_tclin_tchem": 0.8526529610035938
  },
  "Citation component": {
   "rho_tdl": 0.5213557642477638,
   "auc_tclin": 0.88240067624683,
   "auc_tclin_tchem": 0.7657425388959574
  }
 },
 "tclin_in_top50": 36,
 "tclin_total": 69,
 "tclin_in_top69": 44,
 "tclin_in_top69_citation": 36,
 "nonclin_top20": [
  [
   "AURKA",
   "Tchem",
   66.2
  ],
  [
   "AKT1",
   "Tchem",
   64.8
  ],
  [
   "ATR",
   "Tchem",
   63.3
  ],
  [
   "CDK2",
   "Tchem",
   62.2
  ],
  [
   "PLK1",
   "Tchem",
   60.3
  ],
  [
   "MAPK14",
   "Tchem",
   59.4
  ],
  [
   "GNE",
   "Tbio",
   58.7
  ],
  [
   "ATM",
   "Tchem",
   58.3
  ],
  [
   "MAPK1",
   "Tchem",
   57.6
  ],
  [
   "CHEK1",
   "Tchem",
   55.9
  ]
 ],
 "uc1_n": 93,
 "uc1_top": [
  [
   "CSNK1D",
   31,
   0,
   46,
   1.4,
   2537,
   "Tchem",
   39.2,
   84.4,
   "CK1"
  ],
  [
   "CSNK2A2",
   26,
   0,
   56,
   0.833,
   808,
   "Tchem",
   38.2,
   83.0,
   "CMGC"
  ],
  [
   "BRD2",
   42,
   0,
   174,
   0.91,
   1090,
   "Tchem",
   39.4,
   82.2,
   "Atypical"
  ],
  [
   "MAPK9",
   65,
   0,
   5,
   1.69,
   2587,
   "Tchem",
   40.7,
   81.8,
   "CMGC"
  ],
  [
   "MAP3K11",
   27,
   0,
   4,
   1.2,
   594,
   "Tchem",
   37.7,
   81.0,
   "TKL"
  ],
  [
   "BRD3",
   15,
   1,
   40,
   1.202,
   1062,
   "Tchem",
   36.2,
   81.0,
   "Atypical"
  ],
  [
   "DAPK3",
   84,
   0,
   7,
   1.24,
   1059,
   "Tchem",
   41.0,
   80.5,
   "CAMK"
  ],
  [
   "MAPK10",
   61,
   0,
   65,
   1.7,
   2600,
   "Tchem",
   40.0,
   80.3,
   "CMGC"
  ],
  [
   "PRKD2",
   30,
   0,
   3,
   1.6,
   1080,
   "Tchem",
   37.7,
   80.2,
   "CAMK"
  ],
  [
   "TAOK3",
   38,
   1,
   1,
   1.5,
   383,
   "Tchem",
   38.5,
   79.3,
   "STE"
  ],
  [
   "PKN2",
   80,
   0,
   3,
   1.412,
   1026,
   "Tchem",
   40.5,
   79.2,
   "AGC"
  ],
  [
   "CSNK1G3",
   6,
   0,
   10,
   1.3,
   805,
   "Tchem",
   32.6,
   79.2,
   "CK1"
  ]
 ],
 "uc1_tdl": {
  "Tchem": 87,
  "Tbio": 4,
  "Tclin": 2
 },
 "uc1_trials0": 87,
 "core_n_pub_le100": 257,
 "core_n_pub_le100_pdb": 141,
 "uc2_n": 47,
 "uc2_core": 39,
 "uc2_with_pdb": 31,
 "uc2_with_cmpd": 41,
 "uc2_with_cmpd100": 31,
 "uc2_with_clinvar": 14,
 "uc2_trials0": 43,
 "uc2_with_disease": 9,
 "uc2_pdis_median": 31.6,
 "coverage": {
  "UniProt": 678,
  "GTEx": 674,
  "GTEx_records": 36396,
  "nonGTEx_expr_records": 0,
  "nonGTEx_expr_genes": 0,
  "ClinVar_genes": 260,
  "ClinVar_records": 63649,
  "Curated_mut_records": 87,
  "Curated_mut_genes": 36,
  "PDB_genes": 476,
  "PDB_pdis_raw_sum": 10278,
  "ligand_genes": 566,
  "disease_genes": 256,
  "AFDB_genes": 671,
  "AFDB_missing": [
   "ATM",
   "OBSCN",
   "PRKDC",
   "SEPHS2",
   "TRIM66",
   "TRRAP",
   "TTN"
  ],
  "AFDB_multi_fragment": [
   "AAK1",
   "AATK",
   "ABL1",
   "ABL2",
   "ABR",
   "ACVR1B",
   "ACVR1C",
   "ACVR2A",
   "ADCK1",
   "ADK",
   "ADPGK",
   "AGK",
   "AK2",
   "AK3",
   "AK5",
   "AK6",
   "AK8",
   "AK9",
   "AKT1",
   "AKT2",
   "AKT3",
   "ALDH18A1",
   "ALPK1",
   "AMHR2",
   "ARAF",
   "ATR",
   "AURKB",
   "AURKC",
   "AXL",
   "BAZ1A",
   "BAZ1B",
   "BCKDK",
   "BCR",
   "BMP2K",
   "BMPR1B",
   "BMPR2",
   "BRD2",
   "BRD3",
   "BRD4",
   "BRDT",
   "BRSK1",
   "BRSK2",
   "BTK",
   "BUB1",
   "BUB1B",
   "CAMK1D",
   "CAMK1G",
   "CAMK2A",
   "CAMK2B",
   "CAMK2D",
   "CAMK2G",
   "CAMKK1",
   "CAMKK2",
   "CAMKV",
   "CASK",
   "CDC42BPA",
   "CDK1",
   "CDK10",
   "CDK11A",
   "CDK11B",
   "CDK12",
   "CDK13",
   "CDK14",
   "CDK15",
   "CDK16",
   "CDK17",
   "CDK18",
   "CDK19",
   "CDK2",
   "CDK20",
   "CDK4",
   "CDK5",
   "CDK8",
   "CDK9",
   "CDKL1",
   "CDKL3",
   "CDKL4",
   "CDKL5",
   "CERK",
   "CERT1",
   "CHEK1",
   "CHEK2",
   "CHKA",
   "CHKB",
   "CIITA",
   "CILK1",
   "CIT",
   "CKMT1A",
   "CLK1",
   "CLK2",
   "CLK3",
   "CLP1",
   "CMPK1",
   "CMPK2",
   "COASY",
   "COQ8A",
   "COQ8B",
   "CSF1R",
   "CSNK1A1",
   "CSNK1D",
   "CSNK1G1",
   "CSNK1G3",
   "CSNK2A1",
   "DAPK1",
   "DAPK2",
   "DAPK3",
   "DCAF1",
   "DCLK1",
   "DCLK2",
   "DDR1",
   "DGKA",
   "DGKB",
   "DGKD",
   "DGKE",
   "DGKG",
   "DGKH",
   "DGKI",
   "DGKZ",
   "DGUOK",
   "DMPK",
   "DSTYK",
   "DTYMK",
   "DYRK1A",
   "DYRK1B",
   "DYRK2",
   "DYRK3",
   "DYRK4",
   "EGFR",
   "EIF2AK1",
   "EIF2AK2",
   "EIF2AK4",
   "EPHA1",
   "EPHA10",
   "EPHA2",
   "EPHA3",
   "EPHA4",
   "EPHA5",
   "EPHA6",
   "EPHA7",
   "EPHA8",
   "EPHB1",
   "EPHB2",
   "EPHB4",
   "EPHB6",
   "ERBB2",
   "ERBB3",
   "ERBB4",
   "ERN1",
   "ETNK1",
   "ETNK2",
   "FAM20C",
   "FASTK",
   "FCSK",
   "FER",
   "FES",
   "FGFR1",
   "FGFR2",
   "FGFR3",
   "FGFR4",
   "FGGY",
   "FGR",
   "FLT1",
   "FLT3",
   "FLT4",
   "FRK",
   "FYN",
   "GAK",
   "GALK2",
   "GCK",
   "GK",
   "GK5",
   "GLYCTK",
   "GNE",
   "GRK4",
   "GRK6",
   "GSK3B",
   "GUK1",
   "HASPIN",
   "HCK",
   "HIPK1",
   "HIPK2",
   "HIPK3",
   "HK1",
   "HKDC1",
   "HYKK",
   "IDNK",
   "IKBKB",
   "IKBKE",
   "ILK",
   "INSR",
   "IP6K1",
   "IP6K2",
   "IRAK1",
   "IRAK3",
   "IRAK4",
   "ITPK1",
   "ITPKB",
   "JAK3",
   "KALRN",
   "KDR",
   "KHK",
   "KIT",
   "KSR1",
   "KSR2",
   "LATS1",
   "LCK",
   "LIMK1",
   "LIMK2",
   "LRRK1",
   "LTK",
   "LYN",
   "MAK",
   "MAP2K1",
   "MAP2K3",
   "MAP2K4",
   "MAP2K5",
   "MAP2K6",
   "MAP2K7",
   "MAP3K11",
   "MAP3K12",
   "MAP3K13",
   "MAP3K15",
   "MAP3K19",
   "MAP3K20",
   "MAP3K21",
   "MAP3K3",
   "MAP3K4",
   "MAP3K5",
   "MAP3K6",
   "MAP3K7",
   "MAP3K8",
   "MAP3K9",
   "MAP4K1",
   "MAP4K2",
   "MAP4K3",
   "MAP4K4",
   "MAPK1",
   "MAPK10",
   "MAPK11",
   "MAPK12",
   "MAPK13",
   "MAPK14",
   "MAPK15",
   "MAPK3",
   "MAPK7",
   "MAPK8",
   "MAPK9",
   "MAPKAPK2",
   "MAPKAPK5",
   "MARK1",
   "MARK2",
   "MARK3",
   "MARK4",
   "MAST2",
   "MAST4",
   "MASTL",
   "MATK",
   "MELK",
   "MET",
   "MINK1",
   "MKNK1",
   "MKNK2",
   "MLKL",
   "MOK",
   "MST1R",
   "MUSK",
   "MYLK",
   "MYLK3",
   "MYLK4",
   "MYO3A",
   "MYO3B",
   "NADK",
   "NADK2",
   "NAGK",
   "NEK1",
   "NEK10",
   "NEK11",
   "NEK2",
   "NEK3",
   "NEK4",
   "NEK6",
   "NEK7",
   "NME1",
   "NME2",
   "NME4",
   "NME6",
   "NME7",
   "NMRK1",
   "NMRK2",
   "NPR2",
   "NRBP2",
   "NRK",
   "NTRK1",
   "NTRK2",
   "NTRK3",
   "NUAK1",
   "PAK1",
   "PAK3",
   "PAK4",
   "PAK6",
   "PAN3",
   "PANK1",
   "PANK2",
   "PAPSS2",
   "PASK",
   "PBK",
   "PCK1",
   "PDGFRA",
   "PDGFRB",
   "PDK1",
   "PDK2",
   "PDK3",
   "PDPK1",
   "PDXK",
   "PFKFB1",
   "PFKFB2",
   "PFKFB3",
   "PFKFB4",
   "PFKL",
   "PFKM",
   "PFKP",
   "PGK1",
   "PHKG1",
   "PHKG2",
   "PI4KA",
   "PI4KAP2",
   "PI4KB",
   "PIK3C2A",
   "PIK3CD",
   "PIKFYVE",
   "PIM1",
   "PIM3",
   "PINK1",
   "PIP4K2A",
   "PIP4K2B",
   "PIP4K2C",
   "PIP5K1A",
   "PIP5K1B",
   "PIP5K1C",
   "PKLR",
   "PKM",
   "PKMYT1",
   "PKN1",
   "PKN2",
   "PLK4",
   "PMS2P1",
   "PNCK",
   "PNKP",
   "PPIP5K1",
   "PPIP5K2",
   "PRKAA1",
   "PRKACA",
   "PRKACB",
   "PRKCB",
   "PRKCD",
   "PRKCG",
   "PRKCH",
   "PRKCQ",
   "PRKCZ",
   "PRKD2",
   "PRKD3",
   "PRKG1",
   "PRKG2",
   "PRPS1",
   "PRPS2",
   "PSTK",
   "PTK2",
   "PTK2B",
   "PTK6",
   "PTK7",
   "PXK",
   "RAF1",
   "RBKS",
   "RET",
   "RIOK2",
   "RIOK3",
   "RIPK1",
   "RIPK2",
   "RIPK3",
   "RIPK4",
   "RNASEL",
   "ROR1",
   "RPS6KA1",
   "RPS6KA2",
   "RPS6KA4",
   "RPS6KA5",
   "RPS6KA6",
   "RPS6KB1",
   "RPS6KB2",
   "RPS6KC1",
   "RPS6KL1",
   "RSKR",
   "RYK",
   "SCYL1",
   "SCYL3",
   "SEPHS1",
   "SGK1",
   "SGK2",
   "SGK3",
   "SGMS1",
   "SIK3",
   "SLK",
   "SNRK",
   "SPEG",
   "SPHK1",
   "SPHK2",
   "SRC",
   "SRPK1",
   "SRPK2",
   "SRPK3",
   "STK11",
   "STK24",
   "STK25",
   "STK26",
   "STK3",
   "STK31",
   "STK32A",
   "STK32B",
   "STK32C",
   "STK33",
   "STK36",
   "STK38L",
   "STK39",
   "STK4",
   "STK40",
   "STKLD1",
   "STRADA",
   "STRADB",
   "SYK",
   "TAF1",
   "TAOK1",
   "TAOK2",
   "TBCK",
   "TEK",
   "TESK2",
   "TEX14",
   "TGFBR1",
   "TGFBR2",
   "TIE1",
   "TK2",
   "TKFC",
   "TLK1",
   "TLK2",
   "TNIK",
   "TNK1",
   "TNK2",
   "TNNI3K",
   "TPK1",
   "TRIB1",
   "TRIM24",
   "TRIM28",
   "TRIM33",
   "TRIO",
   "TRPM6",
   "TSSK4",
   "TTBK1",
   "TTBK2",
   "TTK",
   "UCK1",
   "UCK2",
   "UCKL1",
   "UHMK1",
   "ULK3",
   "VRK2",
   "VRK3",
   "WEE1",
   "WHR1",
   "WNK1",
   "WNK2",
   "WNK3",
   "WNK4",
   "XYLB",
   "ZAP70"
  ],
  "core_PDB_genes": 384,
  "core_ligand_genes": 472
 }
}
